Renesas Optimizing Linker (W2.08.00 )             17-Apr-2019 15:08:22

*** Options ***

-subcommand=LinkerBike3.tmp
-noprelink
-input=".\generate/r_bsp/board/rdkrx63n\lowlvl.obj"
-input=".\generate/r_bsp/board/rdkrx63n\dbsct.obj"
-input=".\generate/r_bsp/board/rdkrx63n\flash_options.obj"
-input=".\generate/r_bsp/board/rdkrx63n\hwsetup.obj"
-input=".\generate/r_bsp/board/rdkrx63n\lcd.obj"
-input=".\generate/r_bsp/board/rdkrx63n\lowsrc.obj"
-input=".\generate/r_bsp/board/rdkrx63n\resetprg.obj"
-input=".\generate/r_bsp/board/rdkrx63n\sbrk.obj"
-input=".\generate/r_bsp/board/rdkrx63n\vecttbl.obj"
-input=".\generate/r_glyph/src/glyph/drivers\st7579_lcd.obj"
-input=".\generate/r_glyph/src/glyph/fonts\bitmap_font.obj"
-input=".\generate/r_glyph/src/glyph/fonts\font_8x16.obj"
-input=".\generate/r_glyph/src/glyph/fonts\font_8x8.obj"
-input=".\generate/r_glyph/src/glyph/fonts\font_helvr10.obj"
-input=".\generate/r_glyph/src/glyph/fonts\font_winfreesystem14x16.obj"
-input=".\generate/r_glyph/src/glyph/fonts\font_x5x7.obj"
-input=".\generate/r_glyph/src/glyph/fonts\font_x6x13.obj"
-input=".\generate/r_glyph/src/glyph\glyph.obj"
-input=".\generate/r_glyph/src\r_glyph.obj"
-input=".\generate/r_glyph/src\r_glyph_register.obj"
-input=".\generate/r_riic_rx600/src\r_riic_rx600.obj"
-input=".\generate/r_riic_rx600/src\r_riic_rx600_master.obj"
-input=".\generate/r_rspi_rx600/src\r_rspi_rx600.obj"
-input=".\src\ADb10.obj"
-input=".\src\CMT.obj"
-input=".\src\PID.obj"
-input=".\src\demo_traction_motor.obj"
-input=".\src\encoder_MOT1.obj"
-input=".\src\pwm.obj"
-input=".\src\sensore.obj"
-library=".\Bike3.lib"
-start=SI,SU,B_1,R_1,B_2,R_2,B,R/0,C_1,C_2,C,C$*,L*,D*,P,W*/0FFF80000,FIXEDVECT/0FFFFFF90
-output="Bike3.abs"
-form=absolute
-nomessage
-list=Bike3.map
-nooptimize
-rom=D=R,D_1=R_1,D_2=R_2
-nologo

*** Error information ***

*** Mapping List ***

SECTION                            START      END         SIZE   ALIGN
SI
                                  00000000  000003ff       400   4
SU
                                  00000400  000013ff      1000   4
B_1
                                  00001400  00001434        35   1
R_1
                                  00001435  00001491        5d   1
B_2
                                  00001492  0000149b         a   2
R_2
                                  0000149c  000014a9         e   2
B
                                  000014ac  000048eb      3440   4
R
                                  000048ec  00006927      203c   4
$ADDR_C_FF7FFFE8
                                  ff7fffe8  ff7fffff        18   1
C_1
                                  fff80000  fff8354c      354d   1
C_2
                                  fff8354e  fff8374f       202   2
C
                                  fff83750  fff837f7        a8   4
C$DSEC
                                  fff837f8  fff8381b        24   4
C$BSEC
                                  fff8381c  fff83833        18   4
C$VECT
                                  fff83834  fff83c33       400   4
L
                                  fff83c34  fff83d50       11d   4
D
                                  fff83d54  fff85d8f      203c   4
D_1
                                  fff85d90  fff85dec        5d   1
D_2
                                  fff85dee  fff85dfb         e   2
P
                                  fff85dfc  fff8bee4      60e9   1
W
                                  fff8bee8  fff8bee8         0   4
W_1
                                  fff8bee8  fff8bee8         0   1
W_2
                                  fff8bee8  fff8bf0b        24   2
$ADDR_C_FFFFFF80
                                  ffffff80  ffffff8f        10   1
FIXEDVECT
                                  ffffff90  ffffffff        70   4
