Renesas Optimizing Linker (W2.08.00 )             28-Apr-2020 12:49:23

*** Options ***

-subcommand=LinkerSB2019.tmp
-noprelink
-input=".\generate/r_bsp/board/rdkrx63n\lowlvl.obj"
-input=".\generate/r_bsp/board/rdkrx63n\dbsct.obj"
-input=".\generate/r_bsp/board/rdkrx63n\flash_options.obj"
-input=".\generate/r_bsp/board/rdkrx63n\hwsetup.obj"
-input=".\generate/r_bsp/board/rdkrx63n\lcd.obj"
-input=".\generate/r_bsp/board/rdkrx63n\lowsrc.obj"
-input=".\generate/r_bsp/board/rdkrx63n\resetprg.obj"
-input=".\generate/r_bsp/board/rdkrx63n\sbrk.obj"
-input=".\generate/r_bsp/board/rdkrx63n\vecttbl.obj"
-input=".\generate/r_glyph/src/glyph/drivers\st7579_lcd.obj"
-input=".\generate/r_glyph/src/glyph/fonts\bitmap_font.obj"
-input=".\generate/r_glyph/src/glyph/fonts\font_8x16.obj"
-input=".\generate/r_glyph/src/glyph/fonts\font_8x8.obj"
-input=".\generate/r_glyph/src/glyph/fonts\font_helvr10.obj"
-input=".\generate/r_glyph/src/glyph/fonts\font_winfreesystem14x16.obj"
-input=".\generate/r_glyph/src/glyph/fonts\font_x5x7.obj"
-input=".\generate/r_glyph/src/glyph/fonts\font_x6x13.obj"
-input=".\generate/r_glyph/src/glyph\glyph.obj"
-input=".\generate/r_glyph/src\r_glyph.obj"
-input=".\generate/r_glyph/src\r_glyph_register.obj"
-input=".\generate/r_riic_rx600/src\r_riic_rx600.obj"
-input=".\generate/r_riic_rx600/src\r_riic_rx600_master.obj"
-input=".\generate/r_rspi_rx600/src\r_rspi_rx600.obj"
-input=".\src\ADb10.obj"
-input=".\src\AHRS.obj"
-input=".\src\CMT.obj"
-input=".\src\PID.obj"
-input=".\src/eMPL\inv_mpu.obj"
-input=".\src\encoder.obj"
-input=".\src\i2c.obj"
-input=".\src\imu.obj"
-input=".\src\mag.obj"
-input=".\src\main.obj"
-input=".\src\pwm.obj"
-input=".\src\sensore.obj"
-input=".\src\switches.obj"
-library=".\SB2019.lib"
-start=SI,SU,B_1,B_2,R_1,B,R,R_2/0,C_1,C_2,C,C$*,L*,D*,P,W*/0FFF80000,FIXEDVECT/0FFFFFF90
-output="SB2019.abs"
-form=absolute
-nomessage
-list=SB2019.map
-nooptimize
-rom=D=R,D_1=R_1,D_2=R_2
-nologo

*** Error information ***

*** Mapping List ***

SECTION                            START      END         SIZE   ALIGN
SI
                                  00000000  000003ff       400   4
SU
                                  00000400  000013ff      1000   4
B_1
                                  00001400  0000144c        4d   1
B_2
                                  0000144d  0000144d         0   1
R_1
                                  0000144d  000014aa        5e   1
B
                                  000014ac  00004a57      35ac   4
R
                                  00004a58  000069cb      1f74   4
R_2
                                  000069cc  000069d9         e   2
$ADDR_C_FF7FFFE8
                                  ff7fffe8  ff7fffff        18   1
C_1
                                  fff80000  fff8356a      356b   1
C_2
                                  fff8356c  fff83779       20e   2
C
                                  fff8377c  fff83933       1b8   4
C$DSEC
                                  fff83934  fff83957        24   4
C$BSEC
                                  fff83958  fff8396f        18   4
C$VECT
                                  fff83970  fff83d6f       400   4
L
                                  fff83d70  fff83f08       199   4
D
                                  fff83f0c  fff85e7f      1f74   4
D_1
                                  fff85e80  fff85edd        5e   1
D_2
                                  fff85ede  fff85eeb         e   2
P
                                  fff85eec  fff8db62      7c77   1
W
                                  fff8db64  fff8db64         0   4
W_1
                                  fff8db64  fff8db7d        1a   1
W_2
                                  fff8db7e  fff8db7e         0   2
$ADDR_C_FFFFFF80
                                  ffffff80  ffffff8f        10   1
FIXEDVECT
                                  ffffff90  ffffffff        70   4
